<html>
<body>
<pre>
<h1>µVision Build Log</h1>
<h2>Tool Versions:</h2>
IDE-Version: •ÏVision V5.25.2.0
Copyright (C) 2018 ARM Ltd and ARM Germany GmbH. All rights reserved.
License Information: HG S, AB, LIC=WIVAS-L255T-SIG53-8NAZC-UGX93-RW7MI
 
Tool Versions:
Toolchain:       MDK-ARM Essential  Version: 5.25.2.0
Toolchain Path:  C:\Keil_v5\ARM\ARMCC\Bin
C Compiler:      Armcc.exe V5.06 update 6 (build 750)
Assembler:       Armasm.exe V5.06 update 6 (build 750)
Linker/Locator:  ArmLink.exe V5.06 update 6 (build 750)
Library Manager: ArmAr.exe V5.06 update 6 (build 750)
Hex Converter:   FromElf.exe V5.06 update 6 (build 750)
CPU DLL:         SARMCM3.DLL V5.25.2.0
Dialog DLL:      DARMCM1.DLL V1.19.1.0
Target DLL:      CMSIS_AGDI.dll V1.29.10.0
Dialog DLL:      TARMCM1.DLL V1.14.0.0
 
<h2>Project:</h2>
C:\AB\ABOV Dev\A31T216\M3\Software\SourceCode\SWTF\A31T21x_SWTF_210511\example\starterkit\gpio_ledblinky\a31t21x\keil\app.uvprojx
Project File Date:  04/20/2021

<h2>Output:</h2>
*** Using Compiler 'V5.06 update 6 (build 750)', folder: 'C:\Keil_v5\ARM\ARMCC\Bin'
Rebuild target 'A31T21X'
compiling a31t21x_system_setting.c...
compiling main.c...
compiling a31t21x_debug.c...
compiling a31t21x_port_init.c...
assembling a31t21x_startup_arm.s...
compiling a31t21x_system.c...
compiling a31t21x_gpio.c...
compiling a31t21x_dma.c...
compiling a31t21x_scu.c...
compiling debug_cmd.c...
compiling debug_hardfault.c...
compiling debug_log.c...
compiling debug_retarget.c...
compiling a31t21x_uart.c...
compiling debug_serial.c...
linking...
Program Size: Code=15756 RO-data=844 RW-data=88 ZI-data=2992  
FromELF: creating hex file...
".\Objects\app.axf" - 0 Error(s), 0 Warning(s).

<h2>Software Packages used:</h2>

Package Vendor: ARM
                http://www.keil.com/pack/ARM.CMSIS.5.3.0.pack
                ARM.CMSIS.5.3.0
                CMSIS (Cortex Microcontroller Software Interface Standard)

<h2>Collection of Component include folders:</h2>
  .\RTE\_A31T21X
  C:\Keil_v5\ARM\PACK\ARM\CMSIS\5.3.0\Device\ARM\ARMCM0plus\Include

<h2>Collection of Component Files used:</h2>
Build Time Elapsed:  00:00:08
</pre>
</body>
</html>
